Archive member included to satisfy reference by file (symbol)

/home/tivasyk/.pebble-sdk/SDKs/current/sdk-core/pebble/aplite/lib/libpebble.a(tmp7jpKUopebble.o)
                              src/c/basic.c.33.o (app_event_loop)
/usr/lib/gcc/arm-none-eabi/8.2.0/../../../../arm-none-eabi/lib/thumb/v7-m/nofp/libc.a(lib_a-atexit.o)
                              /usr/lib/gcc/arm-none-eabi/8.2.0/../../../../arm-none-eabi/lib/thumb/v7-m/nofp/crt0.o (atexit)
/usr/lib/gcc/arm-none-eabi/8.2.0/../../../../arm-none-eabi/lib/thumb/v7-m/nofp/libc.a(lib_a-exit.o)
                              /usr/lib/gcc/arm-none-eabi/8.2.0/../../../../arm-none-eabi/lib/thumb/v7-m/nofp/crt0.o (exit)
/usr/lib/gcc/arm-none-eabi/8.2.0/../../../../arm-none-eabi/lib/thumb/v7-m/nofp/libc.a(lib_a-fini.o)
                              /usr/lib/gcc/arm-none-eabi/8.2.0/../../../../arm-none-eabi/lib/thumb/v7-m/nofp/crt0.o (__libc_fini_array)
/usr/lib/gcc/arm-none-eabi/8.2.0/../../../../arm-none-eabi/lib/thumb/v7-m/nofp/libc.a(lib_a-impure.o)
                              /usr/lib/gcc/arm-none-eabi/8.2.0/../../../../arm-none-eabi/lib/thumb/v7-m/nofp/libc.a(lib_a-exit.o) (_global_impure_ptr)
/usr/lib/gcc/arm-none-eabi/8.2.0/../../../../arm-none-eabi/lib/thumb/v7-m/nofp/libc.a(lib_a-init.o)
                              /usr/lib/gcc/arm-none-eabi/8.2.0/../../../../arm-none-eabi/lib/thumb/v7-m/nofp/crt0.o (__libc_init_array)
/usr/lib/gcc/arm-none-eabi/8.2.0/../../../../arm-none-eabi/lib/thumb/v7-m/nofp/libc.a(lib_a-__atexit.o)
                              /usr/lib/gcc/arm-none-eabi/8.2.0/../../../../arm-none-eabi/lib/thumb/v7-m/nofp/libc.a(lib_a-atexit.o) (__register_exitproc)
/usr/lib/gcc/arm-none-eabi/8.2.0/../../../../arm-none-eabi/lib/thumb/v7-m/nofp/libc.a(lib_a-__call_atexit.o)
                              /usr/lib/gcc/arm-none-eabi/8.2.0/../../../../arm-none-eabi/lib/thumb/v7-m/nofp/libc.a(lib_a-exit.o) (__call_exitprocs)

Discarded input sections

 .text          0x0000000000000000        0x0 /usr/lib/gcc/arm-none-eabi/8.2.0/thumb/v7-m/nofp/crti.o
 .bss           0x0000000000000000        0x0 /usr/lib/gcc/arm-none-eabi/8.2.0/thumb/v7-m/nofp/crti.o
 .text          0x0000000000000000        0x0 /usr/lib/gcc/arm-none-eabi/8.2.0/thumb/v7-m/nofp/crtbegin.o
 .bss           0x0000000000000000        0x0 /usr/lib/gcc/arm-none-eabi/8.2.0/thumb/v7-m/nofp/crtbegin.o
 .init_array    0x0000000000000000        0x4 /usr/lib/gcc/arm-none-eabi/8.2.0/thumb/v7-m/nofp/crtbegin.o
 .fini_array    0x0000000000000000        0x4 /usr/lib/gcc/arm-none-eabi/8.2.0/thumb/v7-m/nofp/crtbegin.o
 .eh_frame      0x0000000000000000        0x0 /usr/lib/gcc/arm-none-eabi/8.2.0/thumb/v7-m/nofp/crtbegin.o
 .data.__dso_handle
                0x0000000000000000        0x4 /usr/lib/gcc/arm-none-eabi/8.2.0/thumb/v7-m/nofp/crtbegin.o
 .text.__do_global_dtors_aux
                0x0000000000000000       0x24 /usr/lib/gcc/arm-none-eabi/8.2.0/thumb/v7-m/nofp/crtbegin.o
 .text.frame_dummy
                0x0000000000000000       0x1c /usr/lib/gcc/arm-none-eabi/8.2.0/thumb/v7-m/nofp/crtbegin.o
 .bss.completed.8856
                0x0000000000000000        0x1 /usr/lib/gcc/arm-none-eabi/8.2.0/thumb/v7-m/nofp/crtbegin.o
 .bss.object.8861
                0x0000000000000000       0x18 /usr/lib/gcc/arm-none-eabi/8.2.0/thumb/v7-m/nofp/crtbegin.o
 .text          0x0000000000000000       0x68 /usr/lib/gcc/arm-none-eabi/8.2.0/../../../../arm-none-eabi/lib/thumb/v7-m/nofp/crt0.o
 .bss           0x0000000000000000        0x0 /usr/lib/gcc/arm-none-eabi/8.2.0/../../../../arm-none-eabi/lib/thumb/v7-m/nofp/crt0.o
 .ARM.extab     0x0000000000000000        0x0 /usr/lib/gcc/arm-none-eabi/8.2.0/../../../../arm-none-eabi/lib/thumb/v7-m/nofp/crt0.o
 .ARM.exidx     0x0000000000000000        0x8 /usr/lib/gcc/arm-none-eabi/8.2.0/../../../../arm-none-eabi/lib/thumb/v7-m/nofp/crt0.o
 .text          0x0000000000000000        0x0 src/c/basic.c.33.o
 .bss           0x0000000000000000        0x0 src/c/basic.c.33.o
 .text          0x0000000000000000        0x0 aplite/appinfo.auto.c.33.o
 .bss           0x0000000000000000        0x0 aplite/appinfo.auto.c.33.o
 .text          0x0000000000000000        0x0 aplite/src/resource_ids.auto.c.33.o
 .bss           0x0000000000000000        0x0 aplite/src/resource_ids.auto.c.33.o
 .data.RESOURCE_ID_FONT_CUSTOM_48
                0x0000000000000000        0x4 aplite/src/resource_ids.auto.c.33.o
 .text          0x0000000000000000        0x0 src/message_keys.auto.c.33.o
 .bss           0x0000000000000000        0x0 src/message_keys.auto.c.33.o
 .data.MESSAGE_KEY_dummy
                0x0000000000000000        0x4 src/message_keys.auto.c.33.o
 .bss           0x0000000000000000        0x0 /home/tivasyk/.pebble-sdk/SDKs/current/sdk-core/pebble/aplite/lib/libpebble.a(tmp7jpKUopebble.o)
 .text.accel_data_service_subscribe__deprecated
                0x0000000000000000        0xc /home/tivasyk/.pebble-sdk/SDKs/current/sdk-core/pebble/aplite/lib/libpebble.a(tmp7jpKUopebble.o)
[...]
Memory Configuration

Name             Origin             Length             Attributes
APP              0x0000000000000000 0x0000000000006000 xrw
*default*        0x0000000000000000 0xffffffffffffffff

Linker script and memory map

LOAD /usr/lib/gcc/arm-none-eabi/8.2.0/thumb/v7-m/nofp/crti.o
LOAD /usr/lib/gcc/arm-none-eabi/8.2.0/thumb/v7-m/nofp/crtbegin.o
LOAD /usr/lib/gcc/arm-none-eabi/8.2.0/../../../../arm-none-eabi/lib/thumb/v7-m/nofp/crt0.o
LOAD src/c/basic.c.33.o
LOAD aplite/appinfo.auto.c.33.o
LOAD aplite/src/resource_ids.auto.c.33.o
LOAD src/message_keys.auto.c.33.o
LOAD /home/tivasyk/.pebble-sdk/SDKs/current/sdk-core/pebble/aplite/lib/libpebble.a
START GROUP
LOAD /usr/lib/gcc/arm-none-eabi/8.2.0/thumb/v7-m/nofp/libgcc.a
LOAD /usr/lib/gcc/arm-none-eabi/8.2.0/../../../../arm-none-eabi/lib/thumb/v7-m/nofp/libc.a
END GROUP
LOAD /usr/lib/gcc/arm-none-eabi/8.2.0/thumb/v7-m/nofp/crtend.o
LOAD /usr/lib/gcc/arm-none-eabi/8.2.0/thumb/v7-m/nofp/crtn.o

.header         0x0000000000000000       0x82
 *(.pbl_header)
 .pbl_header    0x0000000000000000       0x82 aplite/appinfo.auto.c.33.o
                0x0000000000000000                __pbl_app_info

.note.gnu.build-id
                0x0000000000000082       0x26
                [!provide]                        PROVIDE (BUILD_ID = .)
 *(.note.gnu.build-id)
 *fill*         0x0000000000000082        0x2 
 .note.gnu.build-id
                0x0000000000000084       0x24 linker stubs

.text           0x00000000000000a8      0x4cf
 *(.text)
 .text          0x00000000000000a8       0x14 /home/tivasyk/.pebble-sdk/SDKs/current/sdk-core/pebble/aplite/lib/libpebble.a(tmp7jpKUopebble.o)
 *(.text.*)
 .text.main_window_unload
                0x00000000000000bc       0x40 src/c/basic.c.33.o
 .text.main_window_load
                0x00000000000000fc      0x16c src/c/basic.c.33.o
 .text.update_time
                0x0000000000000268       0x7c src/c/basic.c.33.o
 .text.tick_handler
                0x00000000000002e4        0x4 src/c/basic.c.33.o
 .text.battery_handler
                0x00000000000002e8       0x34 src/c/basic.c.33.o
 .text.startup.main
                0x000000000000031c       0x9c src/c/basic.c.33.o
                0x000000000000031c                main
 .text.app_event_loop
                0x00000000000003b8        0xc /home/tivasyk/.pebble-sdk/SDKs/current/sdk-core/pebble/aplite/lib/libpebble.a(tmp7jpKUopebble.o)
                0x00000000000003b8                app_event_loop
 .text.battery_state_service_peek
                0x00000000000003c4        0xc /home/tivasyk/.pebble-sdk/SDKs/current/sdk-core/pebble/aplite/lib/libpebble.a(tmp7jpKUopebble.o)
                0x00000000000003c4                battery_state_service_peek
 .text.battery_state_service_subscribe
                0x00000000000003d0        0xc /home/tivasyk/.pebble-sdk/SDKs/current/sdk-core/pebble/aplite/lib/libpebble.a(tmp7jpKUopebble.o)
                0x00000000000003d0                battery_state_service_subscribe
 .text.battery_state_service_unsubscribe
                0x00000000000003dc        0xc /home/tivasyk/.pebble-sdk/SDKs/current/sdk-core/pebble/aplite/lib/libpebble.a(tmp7jpKUopebble.o)
                0x00000000000003dc                battery_state_service_unsubscribe
 .text.clock_is_24h_style
                0x00000000000003e8        0xc /home/tivasyk/.pebble-sdk/SDKs/current/sdk-core/pebble/aplite/lib/libpebble.a(tmp7jpKUopebble.o)
                0x00000000000003e8                clock_is_24h_style
 .text.fonts_get_system_font
                0x00000000000003f4        0xc /home/tivasyk/.pebble-sdk/SDKs/current/sdk-core/pebble/aplite/lib/libpebble.a(tmp7jpKUopebble.o)
                0x00000000000003f4                fonts_get_system_font
 .text.fonts_load_custom_font
                0x0000000000000400        0xc /home/tivasyk/.pebble-sdk/SDKs/current/sdk-core/pebble/aplite/lib/libpebble.a(tmp7jpKUopebble.o)
                0x0000000000000400                fonts_load_custom_font
 .text.fonts_unload_custom_font
                0x000000000000040c        0xc /home/tivasyk/.pebble-sdk/SDKs/current/sdk-core/pebble/aplite/lib/libpebble.a(tmp7jpKUopebble.o)
                0x000000000000040c                fonts_unload_custom_font
 .text.layer_add_child
                0x0000000000000418        0xc /home/tivasyk/.pebble-sdk/SDKs/current/sdk-core/pebble/aplite/lib/libpebble.a(tmp7jpKUopebble.o)
                0x0000000000000418                layer_add_child
 .text.layer_get_bounds
                0x0000000000000424        0xc /home/tivasyk/.pebble-sdk/SDKs/current/sdk-core/pebble/aplite/lib/libpebble.a(tmp7jpKUopebble.o)
                0x0000000000000424                layer_get_bounds
 .text.resource_get_handle
                0x0000000000000430        0xc /home/tivasyk/.pebble-sdk/SDKs/current/sdk-core/pebble/aplite/lib/libpebble.a(tmp7jpKUopebble.o)
                0x0000000000000430                resource_get_handle
 .text.snprintf
                0x000000000000043c        0xc /home/tivasyk/.pebble-sdk/SDKs/current/sdk-core/pebble/aplite/lib/libpebble.a(tmp7jpKUopebble.o)
                0x000000000000043c                snprintf
 .text.strftime
                0x0000000000000448        0xc /home/tivasyk/.pebble-sdk/SDKs/current/sdk-core/pebble/aplite/lib/libpebble.a(tmp7jpKUopebble.o)
                0x0000000000000448                strftime
 .text.tick_timer_service_subscribe
                0x0000000000000454        0xc /home/tivasyk/.pebble-sdk/SDKs/current/sdk-core/pebble/aplite/lib/libpebble.a(tmp7jpKUopebble.o)
                0x0000000000000454                tick_timer_service_subscribe
 .text.tick_timer_service_unsubscribe
                0x0000000000000460        0xc /home/tivasyk/.pebble-sdk/SDKs/current/sdk-core/pebble/aplite/lib/libpebble.a(tmp7jpKUopebble.o)
                0x0000000000000460                tick_timer_service_unsubscribe
 .text.window_create
                0x000000000000046c        0xc /home/tivasyk/.pebble-sdk/SDKs/current/sdk-core/pebble/aplite/lib/libpebble.a(tmp7jpKUopebble.o)
                0x000000000000046c                window_create
 .text.window_destroy
                0x0000000000000478        0xc /home/tivasyk/.pebble-sdk/SDKs/current/sdk-core/pebble/aplite/lib/libpebble.a(tmp7jpKUopebble.o)
                0x0000000000000478                window_destroy
 .text.window_get_root_layer
                0x0000000000000484        0xc /home/tivasyk/.pebble-sdk/SDKs/current/sdk-core/pebble/aplite/lib/libpebble.a(tmp7jpKUopebble.o)
                0x0000000000000484                window_get_root_layer
 .text.window_set_window_handlers
                0x0000000000000490        0xc /home/tivasyk/.pebble-sdk/SDKs/current/sdk-core/pebble/aplite/lib/libpebble.a(tmp7jpKUopebble.o)
                0x0000000000000490                window_set_window_handlers
 .text.window_stack_push
                0x000000000000049c        0xc /home/tivasyk/.pebble-sdk/SDKs/current/sdk-core/pebble/aplite/lib/libpebble.a(tmp7jpKUopebble.o)
                0x000000000000049c                window_stack_push
 .text.window_set_background_color
                0x00000000000004a8        0xc /home/tivasyk/.pebble-sdk/SDKs/current/sdk-core/pebble/aplite/lib/libpebble.a(tmp7jpKUopebble.o)
                0x00000000000004a8                window_set_background_color
 .text.localtime
                0x00000000000004b4        0xc /home/tivasyk/.pebble-sdk/SDKs/current/sdk-core/pebble/aplite/lib/libpebble.a(tmp7jpKUopebble.o)
                0x00000000000004b4                localtime
 .text.text_layer_create
                0x00000000000004c0        0xc /home/tivasyk/.pebble-sdk/SDKs/current/sdk-core/pebble/aplite/lib/libpebble.a(tmp7jpKUopebble.o)
                0x00000000000004c0                text_layer_create
 .text.text_layer_destroy
                0x00000000000004cc        0xc /home/tivasyk/.pebble-sdk/SDKs/current/sdk-core/pebble/aplite/lib/libpebble.a(tmp7jpKUopebble.o)
                0x00000000000004cc                text_layer_destroy
 .text.text_layer_get_layer
                0x00000000000004d8        0xc /home/tivasyk/.pebble-sdk/SDKs/current/sdk-core/pebble/aplite/lib/libpebble.a(tmp7jpKUopebble.o)
                0x00000000000004d8                text_layer_get_layer
 .text.text_layer_set_background_color
                0x00000000000004e4        0xc /home/tivasyk/.pebble-sdk/SDKs/current/sdk-core/pebble/aplite/lib/libpebble.a(tmp7jpKUopebble.o)
                0x00000000000004e4                text_layer_set_background_color
 .text.text_layer_set_font
                0x00000000000004f0        0xc /home/tivasyk/.pebble-sdk/SDKs/current/sdk-core/pebble/aplite/lib/libpebble.a(tmp7jpKUopebble.o)
                0x00000000000004f0                text_layer_set_font
 .text.text_layer_set_text
                0x00000000000004fc        0xc /home/tivasyk/.pebble-sdk/SDKs/current/sdk-core/pebble/aplite/lib/libpebble.a(tmp7jpKUopebble.o)
                0x00000000000004fc                text_layer_set_text
 .text.text_layer_set_text_alignment
                0x0000000000000508        0xc /home/tivasyk/.pebble-sdk/SDKs/current/sdk-core/pebble/aplite/lib/libpebble.a(tmp7jpKUopebble.o)
                0x0000000000000508                text_layer_set_text_alignment
 .text.text_layer_set_text_color
                0x0000000000000514        0xc /home/tivasyk/.pebble-sdk/SDKs/current/sdk-core/pebble/aplite/lib/libpebble.a(tmp7jpKUopebble.o)
                0x0000000000000514                text_layer_set_text_color
 .text.time     0x0000000000000520        0xc /home/tivasyk/.pebble-sdk/SDKs/current/sdk-core/pebble/aplite/lib/libpebble.a(tmp7jpKUopebble.o)
                0x0000000000000520                time
 *(.rodata)
 *(.rodata*)
 .rodata.battery_handler.str1.1
                0x000000000000052c        0x5 src/c/basic.c.33.o
 .rodata.main_window_load.str1.1
                0x0000000000000531       0x31 src/c/basic.c.33.o
 .rodata.update_time.str1.1
                0x0000000000000562       0x15 src/c/basic.c.33.o

.glue_7         0x0000000000000578        0x0
 .glue_7        0x0000000000000578        0x0 linker stubs

.glue_7t        0x0000000000000578        0x0
 .glue_7t       0x0000000000000578        0x0 linker stubs

.vfp11_veneer   0x0000000000000578        0x0
 .vfp11_veneer  0x0000000000000578        0x0 linker stubs

.v4_bx          0x0000000000000578        0x0
 .v4_bx         0x0000000000000578        0x0 linker stubs

.init           0x0000000000000578        0x4
 .init          0x0000000000000578        0x4 /usr/lib/gcc/arm-none-eabi/8.2.0/thumb/v7-m/nofp/crti.o
                0x0000000000000578                _init

.fini           0x000000000000057c        0x4
 .fini          0x000000000000057c        0x4 /usr/lib/gcc/arm-none-eabi/8.2.0/thumb/v7-m/nofp/crti.o
                0x000000000000057c                _fini

.iplt           0x0000000000000580        0x0
 .iplt          0x0000000000000580        0x0 src/c/basic.c.33.o

.rel.dyn        0x0000000000000580        0x0
 .rel.iplt      0x0000000000000580        0x0 src/c/basic.c.33.o

.data           0x0000000000000580       0x16
 *(.data)
 .data          0x0000000000000580        0x0 /usr/lib/gcc/arm-none-eabi/8.2.0/thumb/v7-m/nofp/crti.o
 .data          0x0000000000000580        0x0 /usr/lib/gcc/arm-none-eabi/8.2.0/thumb/v7-m/nofp/crtbegin.o
 .data          0x0000000000000580        0x0 /usr/lib/gcc/arm-none-eabi/8.2.0/../../../../arm-none-eabi/lib/thumb/v7-m/nofp/crt0.o
 .data          0x0000000000000580        0x0 src/c/basic.c.33.o
 .data          0x0000000000000580        0x0 aplite/appinfo.auto.c.33.o
 .data          0x0000000000000580        0x0 aplite/src/resource_ids.auto.c.33.o
 .data          0x0000000000000580        0x0 src/message_keys.auto.c.33.o
 .data          0x0000000000000580        0x0 /home/tivasyk/.pebble-sdk/SDKs/current/sdk-core/pebble/aplite/lib/libpebble.a(tmp7jpKUopebble.o)
 .data          0x0000000000000580        0x0 /usr/lib/gcc/arm-none-eabi/8.2.0/../../../../arm-none-eabi/lib/thumb/v7-m/nofp/libc.a(lib_a-atexit.o)
 .data          0x0000000000000580        0x0 /usr/lib/gcc/arm-none-eabi/8.2.0/../../../../arm-none-eabi/lib/thumb/v7-m/nofp/libc.a(lib_a-exit.o)
 .data          0x0000000000000580        0x0 /usr/lib/gcc/arm-none-eabi/8.2.0/../../../../arm-none-eabi/lib/thumb/v7-m/nofp/libc.a(lib_a-fini.o)
 .data          0x0000000000000580        0x0 /usr/lib/gcc/arm-none-eabi/8.2.0/../../../../arm-none-eabi/lib/thumb/v7-m/nofp/libc.a(lib_a-impure.o)
 .data          0x0000000000000580        0x0 /usr/lib/gcc/arm-none-eabi/8.2.0/../../../../arm-none-eabi/lib/thumb/v7-m/nofp/libc.a(lib_a-init.o)
 .data          0x0000000000000580        0x0 /usr/lib/gcc/arm-none-eabi/8.2.0/../../../../arm-none-eabi/lib/thumb/v7-m/nofp/libc.a(lib_a-__atexit.o)
 .data          0x0000000000000580        0x0 /usr/lib/gcc/arm-none-eabi/8.2.0/../../../../arm-none-eabi/lib/thumb/v7-m/nofp/libc.a(lib_a-__call_atexit.o)
 .data          0x0000000000000580        0x0 /usr/lib/gcc/arm-none-eabi/8.2.0/thumb/v7-m/nofp/crtend.o
 .data          0x0000000000000580        0x0 /usr/lib/gcc/arm-none-eabi/8.2.0/thumb/v7-m/nofp/crtn.o
 *(.data.*)
 .data.b_buffer
                0x0000000000000580        0x5 src/c/basic.c.33.o
 .data.d_buffer
                0x0000000000000585        0xb src/c/basic.c.33.o
 .data.t_buffer
                0x0000000000000590        0x6 src/c/basic.c.33.o

.igot.plt       0x0000000000000598        0x0
 .igot.plt      0x0000000000000598        0x0 src/c/basic.c.33.o

.bss            0x0000000000000598       0x1c
 *(.bss)
 *(.bss.*)
 .bss.s_battery_layer
                0x0000000000000598        0x4 src/c/basic.c.33.o
 .bss.s_date_font
                0x000000000000059c        0x4 src/c/basic.c.33.o
 .bss.s_date_layer
                0x00000000000005a0        0x4 src/c/basic.c.33.o
 .bss.s_main_window
                0x00000000000005a4        0x4 src/c/basic.c.33.o
 .bss.s_small_font
                0x00000000000005a8        0x4 src/c/basic.c.33.o
 .bss.s_time_font
                0x00000000000005ac        0x4 src/c/basic.c.33.o
 .bss.s_time_layer
                0x00000000000005b0        0x4 src/c/basic.c.33.o

DISCARD
 libc.a(*)
 libm.a(*)
 libgcc.a(*)
 *(.eh_frame)
OUTPUT(/home/tivasyk/pebble/basic/build/aplite/pebble-app.elf elf32-littlearm)

.ARM.attributes
                0x0000000000000000       0x29
 .ARM.attributes
                0x0000000000000000       0x1d /usr/lib/gcc/arm-none-eabi/8.2.0/thumb/v7-m/nofp/crti.o
 .ARM.attributes
                0x000000000000001d       0x2d /usr/lib/gcc/arm-none-eabi/8.2.0/thumb/v7-m/nofp/crtbegin.o
 .ARM.attributes
                0x000000000000004a       0x1b /usr/lib/gcc/arm-none-eabi/8.2.0/../../../../arm-none-eabi/lib/thumb/v7-m/nofp/crt0.o
 .ARM.attributes
                0x0000000000000065       0x2d src/c/basic.c.33.o
 .ARM.attributes
                0x0000000000000092       0x33 aplite/appinfo.auto.c.33.o
 .ARM.attributes
                0x00000000000000c5       0x33 aplite/src/resource_ids.auto.c.33.o
 .ARM.attributes
                0x00000000000000f8       0x33 src/message_keys.auto.c.33.o
 .ARM.attributes
                0x000000000000012b       0x21 /home/tivasyk/.pebble-sdk/SDKs/current/sdk-core/pebble/aplite/lib/libpebble.a(tmp7jpKUopebble.o)
 .ARM.attributes
                0x000000000000014c       0x2d /usr/lib/gcc/arm-none-eabi/8.2.0/../../../../arm-none-eabi/lib/thumb/v7-m/nofp/libc.a(lib_a-atexit.o)
 .ARM.attributes
                0x0000000000000179       0x2d /usr/lib/gcc/arm-none-eabi/8.2.0/../../../../arm-none-eabi/lib/thumb/v7-m/nofp/libc.a(lib_a-exit.o)
 .ARM.attributes
                0x00000000000001a6       0x2d /usr/lib/gcc/arm-none-eabi/8.2.0/../../../../arm-none-eabi/lib/thumb/v7-m/nofp/libc.a(lib_a-fini.o)
 .ARM.attributes
                0x00000000000001d3       0x2d /usr/lib/gcc/arm-none-eabi/8.2.0/../../../../arm-none-eabi/lib/thumb/v7-m/nofp/libc.a(lib_a-impure.o)
 .ARM.attributes
                0x0000000000000200       0x2d /usr/lib/gcc/arm-none-eabi/8.2.0/../../../../arm-none-eabi/lib/thumb/v7-m/nofp/libc.a(lib_a-init.o)
 .ARM.attributes
                0x000000000000022d       0x2d /usr/lib/gcc/arm-none-eabi/8.2.0/../../../../arm-none-eabi/lib/thumb/v7-m/nofp/libc.a(lib_a-__atexit.o)
 .ARM.attributes
                0x000000000000025a       0x2d /usr/lib/gcc/arm-none-eabi/8.2.0/../../../../arm-none-eabi/lib/thumb/v7-m/nofp/libc.a(lib_a-__call_atexit.o)
 .ARM.attributes
                0x0000000000000287       0x2d /usr/lib/gcc/arm-none-eabi/8.2.0/thumb/v7-m/nofp/crtend.o
 .ARM.attributes
                0x00000000000002b4       0x1d /usr/lib/gcc/arm-none-eabi/8.2.0/thumb/v7-m/nofp/crtn.o

.comment        0x0000000000000000       0x1d
 .comment       0x0000000000000000       0x1d src/c/basic.c.33.o
                                         0x1e (size before relaxing)
 .comment       0x000000000000001d       0x1e aplite/appinfo.auto.c.33.o
 .comment       0x000000000000001d       0x1e aplite/src/resource_ids.auto.c.33.o
 .comment       0x000000000000001d       0x1e src/message_keys.auto.c.33.o

.debug_info     0x0000000000000000     0x17f5
 .debug_info    0x0000000000000000     0x13b9 src/c/basic.c.33.o
 .debug_info    0x00000000000013b9      0x320 aplite/appinfo.auto.c.33.o
 .debug_info    0x00000000000016d9       0x8e aplite/src/resource_ids.auto.c.33.o
 .debug_info    0x0000000000001767       0x8e src/message_keys.auto.c.33.o

.debug_abbrev   0x0000000000000000      0x487
 .debug_abbrev  0x0000000000000000      0x349 src/c/basic.c.33.o
 .debug_abbrev  0x0000000000000349       0xae aplite/appinfo.auto.c.33.o
 .debug_abbrev  0x00000000000003f7       0x48 aplite/src/resource_ids.auto.c.33.o
 .debug_abbrev  0x000000000000043f       0x48 src/message_keys.auto.c.33.o

.debug_loc      0x0000000000000000      0x135
 .debug_loc     0x0000000000000000      0x135 src/c/basic.c.33.o

.debug_aranges  0x0000000000000000       0x90
 .debug_aranges
                0x0000000000000000       0x48 src/c/basic.c.33.o
 .debug_aranges
                0x0000000000000048       0x18 aplite/appinfo.auto.c.33.o
 .debug_aranges
                0x0000000000000060       0x18 aplite/src/resource_ids.auto.c.33.o
 .debug_aranges
                0x0000000000000078       0x18 src/message_keys.auto.c.33.o

.debug_ranges   0x0000000000000000       0x50
 .debug_ranges  0x0000000000000000       0x50 src/c/basic.c.33.o

.debug_line     0x0000000000000000      0x5c2
 .debug_line    0x0000000000000000      0x38d src/c/basic.c.33.o
 .debug_line    0x000000000000038d       0xf8 aplite/appinfo.auto.c.33.o
 .debug_line    0x0000000000000485       0xa2 aplite/src/resource_ids.auto.c.33.o
 .debug_line    0x0000000000000527       0x9b src/message_keys.auto.c.33.o

.debug_str      0x0000000000000000      0xc65
 .debug_str     0x0000000000000000      0x9df src/c/basic.c.33.o
                                        0xacc (size before relaxing)
 .debug_str     0x00000000000009df      0x234 aplite/appinfo.auto.c.33.o
                                        0x39a (size before relaxing)
 .debug_str     0x0000000000000c13       0x3a aplite/src/resource_ids.auto.c.33.o
                                        0x173 (size before relaxing)
 .debug_str     0x0000000000000c4d       0x18 src/message_keys.auto.c.33.o
                                        0x163 (size before relaxing)

.debug_frame    0x0000000000000000      0x208
 .debug_frame   0x0000000000000000       0xd8 src/c/basic.c.33.o
 .debug_frame   0x00000000000000d8       0x20 /usr/lib/gcc/arm-none-eabi/8.2.0/../../../../arm-none-eabi/lib/thumb/v7-m/nofp/libc.a(lib_a-atexit.o)
 .debug_frame   0x00000000000000f8       0x28 /usr/lib/gcc/arm-none-eabi/8.2.0/../../../../arm-none-eabi/lib/thumb/v7-m/nofp/libc.a(lib_a-exit.o)
 .debug_frame   0x0000000000000120       0x34 /usr/lib/gcc/arm-none-eabi/8.2.0/../../../../arm-none-eabi/lib/thumb/v7-m/nofp/libc.a(lib_a-fini.o)
 .debug_frame   0x0000000000000154       0x2c /usr/lib/gcc/arm-none-eabi/8.2.0/../../../../arm-none-eabi/lib/thumb/v7-m/nofp/libc.a(lib_a-init.o)
 .debug_frame   0x0000000000000180       0x38 /usr/lib/gcc/arm-none-eabi/8.2.0/../../../../arm-none-eabi/lib/thumb/v7-m/nofp/libc.a(lib_a-__atexit.o)
 .debug_frame   0x00000000000001b8       0x50 /usr/lib/gcc/arm-none-eabi/8.2.0/../../../../arm-none-eabi/lib/thumb/v7-m/nofp/libc.a(lib_a-__call_atexit.o)
